Loading raw files
  [load booknow_booking.csv] None -> 68336  
  [load booknow_theaters.csv] None -> 829  
  [load booknow_visits.csv] None -> 214046  
  [load cinePOS_booking.csv] None -> 1641966  
  [load cinePOS_theaters.csv] None -> 4690  
  [load movie_theater_id_relation.csv] None -> 150  
Cleaning bookings
  [booknow_visits: collapse duplicate theater-dates] 214046 -> 213871  
Daily aggregation
  [booknow_booking -> daily] 68336 -> 340  
  [cinePOS_booking -> daily] 1641966 -> 424  
  [complete daily date index] None -> 424  2023-01-01 .. 2024-02-28
  [join cinePOS daily] 424 -> 424  
  [join booknow daily] 424 -> 424  
Overlap check
  [overlap: booknow rows at mapped theaters] 68336 -> 26238  
  [overlap: cinePOS rows at mapped theaters] 1641966 -> 23780  
  [overlap: exact record matches (both systems)] 26238 -> 3151  same theater pair + show hour + booking hour + tickets
  [join overlap daily] 424 -> 424  
Theater metadata
  [booknow_theaters: drop blank IDs] 829 -> 314  
  [booknow_theaters: dedupe IDs] 314 -> 314  
  [theater_dim (both systems, incl. Unknown)] None -> 13771  
  [bookings joined to theater_dim (both systems)] 1710302 -> 1710302  inner join; every booking matched a dim row (Unknown included)
  [join theater_type shares] 424 -> 424  
Calendar
Survival extract
  [theater_survival rows (one per theater per system)] None -> 13462  
Wrote D:\JioInstitute\Term 4\Time Series\cinema_audience_original_dataset\outputs\excel\combined_data.xlsx and D:\JioInstitute\Term 4\Time Series\cinema_audience_original_dataset\outputs\excel\theater_survival.xlsx
Phase 2 on 396 days 2023-01-29..2024-02-28
Wrote D:\JioInstitute\Term 4\Time Series\cinema_audience_original_dataset\outputs\excel\eda_results.xlsx and D:\JioInstitute\Term 4\Time Series\cinema_audience_original_dataset\outputs\reports\phase2_eda_summary.md
split sizes: {'train': 337, 'val': 31, 'test': 28}
  SES                          val MAPE   37.6%  RMSE    13,679  [2.0s]  ETS(error=A, trend=N, seasonal=N)
  Holt_linear                  val MAPE   52.7%  RMSE    13,361  [2.4s]  ETS(error=A, trend=A, seasonal=N)
  HoltWinters_additive         val MAPE   33.6%  RMSE    13,217  [2.4s]  ETS(error=A, trend=A, seasonal=A, m=7)
  HoltWinters_multiplicative   val MAPE   30.5%  RMSE    15,025  [2.5s]  ETS(error=M, trend=A, seasonal=M, m=7)
  MLR_with_lead                val MAPE   36.3%  RMSE    12,517  [2.6s]  OLS: lag1, lag7, weekday dummies, holiday, dec_surge, booknow_missing, lead
  MLR_no_lead                  val MAPE   34.3%  RMSE    11,840  [2.5s]  OLS: lag1, lag7, weekday dummies, holiday, dec_surge, booknow_missing
  AR                           val MAPE   48.1%  RMSE    17,854  [14.4s]  ARMA(7,0) + const on Δ7 log demand  [= ARIMA(7,0,0)(0,1,0)7]
  ARMA                         val MAPE   57.6%  RMSE    18,358  [13.1s]  ARMA(7,3) + const on Δ7 log demand  [= ARIMA(7,0,3)(0,1,0)7]
  ARIMA                        val MAPE   45.9%  RMSE    18,456  [7.7s]  ARIMA(7, 1, 1) trend=t on log demand
  SARIMA                       val MAPE   31.1%  RMSE    12,755  [10.5s]  SARIMA(1, 0, 0)(1, 1, 1, 7) trend=n on log demand
  SARIMAX_with_lead            val MAPE   28.1%  RMSE    11,221  [35.8s]  SARIMAX(1, 1, 1)(1, 0, 0, 7) trend=n + exog on log demand
  SARIMAX_no_lead              val MAPE   37.3%  RMSE     9,284  [35.6s]  SARIMAX(1, 1, 1)(1, 0, 0, 7) trend=n + exog on log demand
Wrote D:\JioInstitute\Term 4\Time Series\cinema_audience_original_dataset\outputs\excel\model_inference_tables.xlsx
members: ['SARIMAX_no_lead', 'SARIMA', 'HoltWinters_multiplicative', 'MLR_no_lead']; val 31 days, test 28 days
                                     forecast  test_RMSE  test_MAPE  test_MAE  test_95pct_interval_coverage
                              SARIMAX_no_lead     4584.0       15.2    3442.3                         100.0
                               Simple average     4601.0       13.8    3368.8                         100.0
                  Bates-Granger (inverse MSE)     4799.7       14.1    3548.9                         100.0
                                       SARIMA     5441.5       14.3    3893.9                         100.0
                   HoltWinters_multiplicative     7439.2       23.3    5695.6                         100.0
Granger-Ramanathan (sum-to-one, no intercept)     8617.1       18.0    5625.1                         100.0
                                  MLR_no_lead     9638.4       24.9    7194.7                         100.0
Granger-Ramanathan (unconstrained, intercept)    24985.7       46.1   16386.4                          53.6
theaters 13462, events 689 (gap-adjusted 413), big areas 12
Wrote D:\JioInstitute\Term 4\Time Series\cinema_audience_original_dataset\outputs\excel\survival_analysis.xlsx
